// Jest Snapshot v1, https://goo.gl/fbAQLP

exports[`simple 1`] = `
<div
  className="tc bg-light-green dib br3 pa3 ma2 grow bw2 shadow-5"
>
  <img
    alt="robot"
    src="https://robohash.org/1?size=200x200"
  />
  <div>
    <h2>
      Vangelis
    </h2>
    <p>
      e.giannakosian@gmail.com
    </p>
  </div>
</div>
`;
